// Jest Snapshot v1, https://goo.gl/fbAQLP

exports[`ProteinFeatureViewer Should match the default snapshot 1`] = `
<div
  style={
    Object {
      "height": 200,
      "width": 600,
    }
  }
>
  <PlotlyChart
    config={
      Object {
        "showAxisDragHandles": false,
        "showAxisRangeEntryBoxes": false,
      }
    }
    data={
      Array [
        Object {
          "fill": "toself",
          "fillcolor": "#b9bcb6",
          "hoverinfo": "none",
          "hoveron": "fills",
          "line": Object {
            "width": 0,
          },
          "mode": "text+lines",
          "name": "",
          "text": Array [
            "",
          ],
          "textfont": Object {
            "color": Array [
              "#FFFFFF",
            ],
          },
          "type": "scatter",
          "x": Array [
            -0.5,
            null,
            -1,
            -1,
            0,
            0,
            -1,
          ],
          "y": Array [
            0,
            null,
            0.5,
            -0.5,
            -0.5,
            0.5,
            0.5,
          ],
        },
        Object {
          "fill": "toself",
          "hoverinfo": "none",
          "line": Object {
            "width": 0,
          },
          "marker": Object {
            "color": "#f9f69f",
            "opacity": 0.5,
          },
          "mode": "lines+markers",
          "showlegend": false,
          "x": Array [],
          "y": Array [
            0,
            0,
            0,
            0,
          ],
        },
      ]
    }
    height="100%"
    layout={
      Object {
        "annotations": Array [],
        "dragmode": "select",
        "height": 200,
        "hovermode": "closest",
        "margin": Object {
          "b": 30,
          "t": 60,
        },
        "showlegend": false,
        "title": "",
        "width": 600,
        "xaxis": Object {
          "visible": false,
        },
        "yaxis": Object {
          "autorange": false,
          "fixedrange": true,
          "range": Array [
            -0.25,
            0,
          ],
          "visible": false,
        },
      }
    }
    onClickCallback={[Function]}
    onHoverCallback={[Function]}
    onSelectedCallback={[Function]}
    showLoader={false}
    width="100%"
  />
</div>
`;

exports[`ProteinFeatureViewer Should match the default snapshot. 1`] = `
<div
  style={
    Object {
      "height": 200,
      "width": 600,
    }
  }
>
  <PlotlyChart
    config={
      Object {
        "showAxisDragHandles": false,
        "showAxisRangeEntryBoxes": false,
      }
    }
    data={
      Array [
        Object {
          "fill": "toself",
          "fillcolor": "#b9bcb6",
          "hoverinfo": "none",
          "hoveron": "fills",
          "line": Object {
            "width": 0,
          },
          "mode": "text+lines",
          "name": "",
          "text": Array [
            "",
          ],
          "textfont": Object {
            "color": Array [
              "#FFFFFF",
            ],
          },
          "type": "scatter",
          "x": Array [
            -0.5,
            null,
            -1,
            -1,
            0,
            0,
            -1,
          ],
          "y": Array [
            0,
            null,
            0.5,
            -0.5,
            -0.5,
            0.5,
            0.5,
          ],
        },
        Object {
          "fill": "toself",
          "hoverinfo": "none",
          "line": Object {
            "width": 0,
          },
          "marker": Object {
            "color": "#f9f69f",
            "opacity": 0.5,
          },
          "mode": "lines+markers",
          "showlegend": false,
          "x": Array [],
          "y": Array [
            0,
            0,
            0,
            0,
          ],
        },
      ]
    }
    height="100%"
    layout={
      Object {
        "annotations": Array [],
        "dragmode": "select",
        "height": 200,
        "hovermode": "closest",
        "margin": Object {
          "b": 30,
          "t": 60,
        },
        "showlegend": false,
        "title": "",
        "width": 600,
        "xaxis": Object {
          "visible": false,
        },
        "yaxis": Object {
          "autorange": false,
          "fixedrange": true,
          "range": Array [
            -0.25,
            0,
          ],
          "visible": false,
        },
      }
    }
    onClickCallback={[Function]}
    onHoverCallback={[Function]}
    onSelectedCallback={[Function]}
    showLoader={false}
    width="100%"
  />
</div>
`;
