// Jest Snapshot v1, https://goo.gl/fbAQLP

exports[`NGLComponent Should match existing snapshot when unconnected to a context. 1`] = `
<ComponentCard
  componentName="NGL Viewer"
  frameHeight={0}
  frameWidth={0}
  headerHeight={32}
  height="525px"
  iconSrc="assets/icons/spring-icon.png"
  isFramedComponent={false}
  isFullPage={false}
  padding={0}
  showSettings={false}
  width="525px"
>
  <div
    className="NGLComponent"
    style={
      Object {
        "height": "90%",
        "width": "100%",
      }
    }
  >
    <div
      className="NGLCanvas"
      onKeyDown={[Function]}
      onMouseLeave={[Function]}
      role="img"
      style={
        Object {
          "height": "100%",
          "width": "100%",
        }
      }
    />
  </div>
</ComponentCard>
`;
