// Jest Snapshot v1, https://goo.gl/fbAQLP

exports[`NGLComponent Should match existing snapshot when canvas isn't available. 1`] = `
<div
  id="NGLComponent"
  style={
    Object {
      "padding": 0,
    }
  }
>
  <div
    style={
      Object {
        "height": 400,
        "width": 400,
      }
    }
  />
  <div
    className="row"
  >
    <button
      className="ui button"
      disabled={undefined}
      onClick={[Function]}
      role="button"
      tabIndex={undefined}
    >
      Remove Locked Residues
    </button>
  </div>
</div>
`;
