// Jest Snapshot v1, https://goo.gl/fbAQLP

exports[`UMAPVisualization UMAPVisualization Should render when given an empty data matrix. 1`] = `
<div>
  <ComponentCard
    componentName="UMAP"
    dockItems={
      Array [
        Object {
          "isLink": false,
          "text": "0 sequences | ",
        },
      ]
    }
    expandedStyle={
      Object {
        "height": "80vh",
        "width": "calc(0px + 80vh)",
      }
    }
    frameHeight={0}
    frameWidth={0}
    headerHeight={20}
    height="575px"
    iconSrc="assets/icons/bio-blocks-icon.svg"
    isDataReady={false}
    isFramedComponent={false}
    isFullPage={false}
    menuItems={
      Array [
        Object {
          "component": Object {
            "configs": Object {
              "Settings": Array [
                Object {
                  "marks": Object {
                    "0": "0",
                    "5": "5",
                  },
                  "name": "Min Dist",
                  "onChange": [Function],
                  "step": 0.01,
                  "type": "SLIDER",
                  "values": Object {
                    "current": 0.99,
                    "defaultValue": 0.99,
                    "max": 5,
                    "min": 0,
                  },
                },
                Object {
                  "marks": Object {
                    "0": "0",
                    "30": "30",
                  },
                  "name": "Neighbors",
                  "onChange": [Function],
                  "step": 1,
                  "type": "SLIDER",
                  "values": Object {
                    "current": 15,
                    "defaultValue": 15,
                    "max": 30,
                    "min": 0,
                  },
                },
                Object {
                  "marks": Object {
                    "0": "0",
                    "10": "10",
                  },
                  "name": "Spread",
                  "onChange": [Function],
                  "step": 1,
                  "type": "SLIDER",
                  "values": Object {
                    "current": 1,
                    "defaultValue": 1,
                    "max": 10,
                    "min": 0,
                  },
                },
                Object {
                  "current": "2",
                  "name": "Dimensions",
                  "onChange": [Function],
                  "options": Array [
                    "2",
                    "3",
                  ],
                  "type": "RADIO",
                },
                Object {
                  "name": "Re-Run UMAP",
                  "onClick": [Function],
                  "type": "BUTTON",
                },
              ],
            },
            "name": "POPUP",
            "props": Object {
              "disabled": true,
              "position": "top center",
              "wide": false,
            },
          },
          "description": "Settings",
        },
      ]
    }
    padding={0}
    showSettings={false}
    width="535px"
  >
    <PlotlyChart
      config={Object {}}
      data={Array []}
      height="100%"
      layout={
        Object {
          "autosize": true,
          "dragmode": "zoom",
          "hovermode": "closest",
          "legend": Object {
            "itemdoubleclick": false,
            "traceorder": "grouped",
            "x": 1,
            "y": 0.95,
          },
          "margin": Object {
            "b": 50,
            "l": 40,
          },
          "showlegend": false,
          "title": "",
          "xaxis": Object {
            "autorange": false,
            "range": Array [
              20,
              -20,
            ],
            "title": "Dim 1",
            "titlefont": Object {
              "size": 12,
            },
          },
          "yaxis": Object {
            "autorange": false,
            "range": Array [
              20,
              -20,
            ],
            "title": "Dim 2",
            "titlefont": Object {
              "size": 12,
            },
          },
        }
      }
      onLegendClickCallback={[Function]}
      showLoader={true}
      width="100%"
    />
  </ComponentCard>
</div>
`;
