// Jest Snapshot v1, https://goo.gl/fbAQLP

exports[`AnatomogramContainer Should match existing snapshot when the species is a human. 1`] = `
<ContextConsumer>
  <Component />
</ContextConsumer>
`;

exports[`AnatomogramContainer Should match existing snapshot when the species is a mouse. 1`] = `
<ContextConsumer>
  <Component />
</ContextConsumer>
`;
