// Jest Snapshot v1, https://goo.gl/fbAQLP

exports[`SpringContainer Should match existing snapshot when given no data. 1`] = `
<div
  id="SpringContainer"
>
  <SpringComponentClass
    canvasBackgroundColor={13421772}
    data={
      Object {
        "links": Array [],
        "nodes": Array [],
      }
    }
    height={450}
    selectedCategory=""
    width={450}
  />
  <CategorySelector
    categories={Array []}
    onCategoryChange={[Function]}
  />
</div>
`;

exports[`SpringContainer Should update when given a new data directory. 1`] = `
<div
  id="SpringContainer"
>
  <SpringComponentClass
    canvasBackgroundColor={13421772}
    data={
      Object {
        "links": Array [],
        "nodes": Array [],
      }
    }
    height={450}
    selectedCategory=""
    width={450}
  />
  <CategorySelector
    categories={Array []}
    onCategoryChange={[Function]}
  />
</div>
`;
