// Jest Snapshot v1, https://goo.gl/fbAQLP

exports[`VizPanelContainer Should match existing snapshot when given a single visualization panel to render. 1`] = `
<Grid
  centered={true}
  className="VizPanelContainer"
  columns={1}
  relaxed={true}
>
  <GridRow
    centered={true}
    columns={1}
  >
    <Dropdown
      additionLabel="Add "
      additionPosition="top"
      closeOnBlur={true}
      deburr={false}
      icon="dropdown"
      minCharacters={1}
      noResultsMessage="No results found."
      onChange={[Function]}
      openOnFocus={true}
      options={
        Array [
          Object {
            "key": "centroids",
            "text": "centroids",
            "value": "centroids",
          },
          Object {
            "key": "centroids_subset",
            "text": "centroids_subset",
            "value": "centroids_subset",
          },
          Object {
            "key": "spring2/full",
            "text": "spring2/full",
            "value": "spring2/full",
          },
        ]
      }
      placeholder="Select Data Directory"
      renderLabel={[Function]}
      search={true}
      searchInput="text"
      selectOnBlur={true}
      selectOnNavigation={true}
      wrapSelection={true}
    />
  </GridRow>
  <GridColumn
    key="0"
  >
    <VizSelectorPanel
      dataDir="centroids_subset"
    />
  </GridColumn>
</Grid>
`;
