// Jest Snapshot v1, https://goo.gl/fbAQLP

exports[`ChellVizApp Should match existing snapshot when given no props. 1`] = `
<div
  id="ChellVizApp"
>
  <ChellContextProvider>
    <div
      style={
        Object {
          "float": "right",
          "width": "70vw",
        }
      }
    >
      <Grid
        centered={true}
        columns={2}
      >
        <Component />
        <Component />
      </Grid>
    </div>
  </ChellContextProvider>
</div>
`;
