// Jest Snapshot v1, https://goo.gl/fbAQLP

exports[`ChellVizApp Should match existing snapshot when given no props. 1`] = `
<div
  id="ChellVizApp"
>
  <Grid
    centered={true}
    divided="vertically"
  >
    <GridRow>
      <VizPanelContainer
        dataDirs={
          Array [
            "assets/datasets/hpc/full",
          ]
        }
        initialVisualizations={
          Array [
            "Spring",
            "TENSOR-T-SNE",
          ]
        }
        numPanels={2}
        supportedVisualizations={
          Array [
            "Spring",
            "TENSOR-T-SNE",
          ]
        }
      />
    </GridRow>
  </Grid>
</div>
`;
