// Jest Snapshot v1, https://goo.gl/fbAQLP

exports[`ChellVizApp Should match existing snapshot when given no props. 1`] = `
<HashRouter>
  <Container
    fluid={true}
    id="ChellVizApp"
  >
    <SiteHeader
      numDatasets={0}
    />
    <Route
      exact={true}
      path="/visualizations"
      render={[Function]}
      strict={true}
    />
    <Route
      exact={true}
      path="/visualizations/"
      render={[Function]}
      strict={true}
    />
    <Route
      path="/dataset"
      render={[Function]}
    />
    <Route
      path="/stories"
      render={[Function]}
    />
    <Route
      exact={true}
      path="/"
      render={[Function]}
    />
  </Container>
</HashRouter>
`;
