// Jest Snapshot v1, https://goo.gl/fbAQLP

exports[`ContactMapChart Should . 1`] = `
<SettingsPanel
  configurations={Array []}
  direction="left"
  inverted={true}
  width="100%"
>
  <PlotlyChart
    candidateResidues={Array []}
    config={Object {}}
    data={
      Array [
        Object {
          "hoverinfo": "x+y+z",
          "marker": Object {
            "color": Array [],
            "size": 0,
          },
          "mode": "markers",
          "name": " undefined",
          "type": "scattergl",
          "x": Array [],
          "y": Array [],
          "z": Array [],
        },
      ]
    }
    dataTransformFn={[Function]}
    layout={
      Object {
        "height": 520,
        "legend": Object {
          "orientation": "h",
          "y": -0.4,
          "yanchor": "bottom",
        },
        "margin": Object {
          "b": 75,
          "l": 65,
        },
        "showlegend": true,
        "xaxis": Object {
          "autorange": false,
          "nticks": 10,
          "range": Array [
            1,
            100,
          ],
          "showline": true,
          "tickmode": "auto",
          "title": "Residue #",
        },
        "yaxis": Object {
          "autorange": false,
          "nticks": 10,
          "range": Array [
            100,
            1,
          ],
          "showline": true,
          "tickmode": "auto",
          "title": "Residue #",
        },
      }
    }
    secondaryStructures={Array []}
    selectedSecondaryStructures={Array []}
    showLoader={true}
  />
</SettingsPanel>
`;

exports[`ContactMapChart Should be a. 1`] = `
<SettingsPanel
  configurations={Array []}
  direction="left"
  inverted={true}
  width="100%"
>
  <PlotlyChart
    candidateResidues={Array []}
    config={Object {}}
    data={
      Array [
        Object {
          "hoverinfo": "x+y+z",
          "marker": Object {
            "color": Array [],
            "size": 0,
          },
          "mode": "markers",
          "name": " undefined",
          "type": "scattergl",
          "x": Array [],
          "y": Array [],
          "z": Array [],
        },
      ]
    }
    dataTransformFn={[Function]}
    layout={
      Object {
        "height": 520,
        "legend": Object {
          "orientation": "h",
          "y": -0.4,
          "yanchor": "bottom",
        },
        "margin": Object {
          "b": 75,
          "l": 65,
        },
        "showlegend": true,
        "xaxis": Object {
          "autorange": false,
          "nticks": 10,
          "range": Array [
            1,
            100,
          ],
          "showline": true,
          "tickmode": "auto",
          "title": "Residue #",
        },
        "yaxis": Object {
          "autorange": false,
          "nticks": 10,
          "range": Array [
            100,
            1,
          ],
          "showline": true,
          "tickmode": "auto",
          "title": "Residue #",
        },
      }
    }
    secondaryStructures={Array []}
    selectedSecondaryStructures={Array []}
    showLoader={true}
  />
</SettingsPanel>
`;

exports[`ContactMapChart Should be able . 1`] = `
<SettingsPanel
  configurations={Array []}
  direction="left"
  inverted={true}
  width="100%"
>
  <PlotlyChart
    candidateResidues={Array []}
    config={Object {}}
    data={
      Array [
        Object {
          "hoverinfo": "x+y+z",
          "marker": Object {
            "color": Array [],
            "size": 0,
          },
          "mode": "markers",
          "name": " undefined",
          "type": "scattergl",
          "x": Array [],
          "y": Array [],
          "z": Array [],
        },
      ]
    }
    dataTransformFn={[Function]}
    layout={
      Object {
        "height": 520,
        "legend": Object {
          "orientation": "h",
          "y": -0.4,
          "yanchor": "bottom",
        },
        "margin": Object {
          "b": 75,
          "l": 65,
        },
        "showlegend": true,
        "xaxis": Object {
          "autorange": false,
          "nticks": 10,
          "range": Array [
            1,
            100,
          ],
          "showline": true,
          "tickmode": "auto",
          "title": "Residue #",
        },
        "yaxis": Object {
          "autorange": false,
          "nticks": 10,
          "range": Array [
            100,
            1,
          ],
          "showline": true,
          "tickmode": "auto",
          "title": "Residue #",
        },
      }
    }
    secondaryStructures={Array []}
    selectedSecondaryStructures={Array []}
    showLoader={true}
  />
</SettingsPanel>
`;

exports[`ContactMapChart Should be able to . 1`] = `
<SettingsPanel
  configurations={Array []}
  direction="left"
  inverted={true}
  width="100%"
>
  <PlotlyChart
    candidateResidues={Array []}
    config={Object {}}
    data={
      Array [
        Object {
          "hoverinfo": "x+y+z",
          "marker": Object {
            "color": Array [],
            "size": 0,
          },
          "mode": "markers",
          "name": " undefined",
          "type": "scattergl",
          "x": Array [],
          "y": Array [],
          "z": Array [],
        },
      ]
    }
    dataTransformFn={[Function]}
    layout={
      Object {
        "height": 520,
        "legend": Object {
          "orientation": "h",
          "y": -0.4,
          "yanchor": "bottom",
        },
        "margin": Object {
          "b": 75,
          "l": 65,
        },
        "showlegend": true,
        "xaxis": Object {
          "autorange": false,
          "nticks": 10,
          "range": Array [
            1,
            100,
          ],
          "showline": true,
          "tickmode": "auto",
          "title": "Residue #",
        },
        "yaxis": Object {
          "autorange": false,
          "nticks": 10,
          "range": Array [
            100,
            1,
          ],
          "showline": true,
          "tickmode": "auto",
          "title": "Residue #",
        },
      }
    }
    secondaryStructures={Array []}
    selectedSecondaryStructures={Array []}
    showLoader={true}
  />
</SettingsPanel>
`;

exports[`ContactMapChart Should be able to d. 1`] = `
<SettingsPanel
  configurations={Array []}
  direction="left"
  inverted={true}
  width="100%"
>
  <PlotlyChart
    candidateResidues={Array []}
    config={Object {}}
    data={
      Array [
        Object {
          "hoverinfo": "x+y+z",
          "marker": Object {
            "color": Array [],
            "size": 0,
          },
          "mode": "markers",
          "name": " undefined",
          "type": "scattergl",
          "x": Array [],
          "y": Array [],
          "z": Array [],
        },
      ]
    }
    dataTransformFn={[Function]}
    layout={
      Object {
        "height": 520,
        "legend": Object {
          "orientation": "h",
          "y": -0.4,
          "yanchor": "bottom",
        },
        "margin": Object {
          "b": 75,
          "l": 65,
        },
        "showlegend": true,
        "xaxis": Object {
          "autorange": false,
          "nticks": 10,
          "range": Array [
            1,
            100,
          ],
          "showline": true,
          "tickmode": "auto",
          "title": "Residue #",
        },
        "yaxis": Object {
          "autorange": false,
          "nticks": 10,
          "range": Array [
            100,
            1,
          ],
          "showline": true,
          "tickmode": "auto",
          "title": "Residue #",
        },
      }
    }
    secondaryStructures={Array []}
    selectedSecondaryStructures={Array []}
    showLoader={true}
  />
</SettingsPanel>
`;

exports[`ContactMapChart Should be able to de. 1`] = `
<SettingsPanel
  configurations={Array []}
  direction="left"
  inverted={true}
  width="100%"
>
  <PlotlyChart
    candidateResidues={Array []}
    config={Object {}}
    data={
      Array [
        Object {
          "hoverinfo": "x+y+z",
          "marker": Object {
            "color": Array [],
            "size": 0,
          },
          "mode": "markers",
          "name": " undefined",
          "type": "scattergl",
          "x": Array [],
          "y": Array [],
          "z": Array [],
        },
      ]
    }
    dataTransformFn={[Function]}
    layout={
      Object {
        "height": 520,
        "legend": Object {
          "orientation": "h",
          "y": -0.4,
          "yanchor": "bottom",
        },
        "margin": Object {
          "b": 75,
          "l": 65,
        },
        "showlegend": true,
        "xaxis": Object {
          "autorange": false,
          "nticks": 10,
          "range": Array [
            1,
            100,
          ],
          "showline": true,
          "tickmode": "auto",
          "title": "Residue #",
        },
        "yaxis": Object {
          "autorange": false,
          "nticks": 10,
          "range": Array [
            100,
            1,
          ],
          "showline": true,
          "tickmode": "auto",
          "title": "Residue #",
        },
      }
    }
    secondaryStructures={Array []}
    selectedSecondaryStructures={Array []}
    showLoader={true}
  />
</SettingsPanel>
`;

exports[`ContactMapChart Should be able to dete. 1`] = `
<SettingsPanel
  configurations={Array []}
  direction="left"
  inverted={true}
  width="100%"
>
  <PlotlyChart
    candidateResidues={Array []}
    config={Object {}}
    data={
      Array [
        Object {
          "hoverinfo": "x+y+z",
          "marker": Object {
            "color": Array [],
            "size": 0,
          },
          "mode": "markers",
          "name": " undefined",
          "type": "scattergl",
          "x": Array [],
          "y": Array [],
          "z": Array [],
        },
      ]
    }
    dataTransformFn={[Function]}
    layout={
      Object {
        "height": 520,
        "legend": Object {
          "orientation": "h",
          "y": -0.4,
          "yanchor": "bottom",
        },
        "margin": Object {
          "b": 75,
          "l": 65,
        },
        "showlegend": true,
        "xaxis": Object {
          "autorange": false,
          "nticks": 10,
          "range": Array [
            1,
            100,
          ],
          "showline": true,
          "tickmode": "auto",
          "title": "Residue #",
        },
        "yaxis": Object {
          "autorange": false,
          "nticks": 10,
          "range": Array [
            100,
            1,
          ],
          "showline": true,
          "tickmode": "auto",
          "title": "Residue #",
        },
      }
    }
    secondaryStructures={Array []}
    selectedSecondaryStructures={Array []}
    showLoader={true}
  />
</SettingsPanel>
`;

exports[`ContactMapChart Should be able to determ. 1`] = `
<SettingsPanel
  configurations={Array []}
  direction="left"
  inverted={true}
  width="100%"
>
  <PlotlyChart
    candidateResidues={Array []}
    config={Object {}}
    data={
      Array [
        Object {
          "hoverinfo": "x+y+z",
          "marker": Object {
            "color": Array [],
            "size": 0,
          },
          "mode": "markers",
          "name": " undefined",
          "type": "scattergl",
          "x": Array [],
          "y": Array [],
          "z": Array [],
        },
      ]
    }
    dataTransformFn={[Function]}
    layout={
      Object {
        "height": 520,
        "legend": Object {
          "orientation": "h",
          "y": -0.4,
          "yanchor": "bottom",
        },
        "margin": Object {
          "b": 75,
          "l": 65,
        },
        "showlegend": true,
        "xaxis": Object {
          "autorange": false,
          "nticks": 10,
          "range": Array [
            1,
            100,
          ],
          "showline": true,
          "tickmode": "auto",
          "title": "Residue #",
        },
        "yaxis": Object {
          "autorange": false,
          "nticks": 10,
          "range": Array [
            100,
            1,
          ],
          "showline": true,
          "tickmode": "auto",
          "title": "Residue #",
        },
      }
    }
    secondaryStructures={Array []}
    selectedSecondaryStructures={Array []}
    showLoader={true}
  />
</SettingsPanel>
`;

exports[`ContactMapChart Should be able to determi. 1`] = `
<SettingsPanel
  configurations={Array []}
  direction="left"
  inverted={true}
  width="100%"
>
  <PlotlyChart
    candidateResidues={Array []}
    config={Object {}}
    data={
      Array [
        Object {
          "hoverinfo": "x+y+z",
          "marker": Object {
            "color": Array [],
            "size": 0,
          },
          "mode": "markers",
          "name": " undefined",
          "type": "scattergl",
          "x": Array [],
          "y": Array [],
          "z": Array [],
        },
      ]
    }
    dataTransformFn={[Function]}
    layout={
      Object {
        "height": 520,
        "legend": Object {
          "orientation": "h",
          "y": -0.4,
          "yanchor": "bottom",
        },
        "margin": Object {
          "b": 75,
          "l": 65,
        },
        "showlegend": true,
        "xaxis": Object {
          "autorange": false,
          "nticks": 10,
          "range": Array [
            1,
            100,
          ],
          "showline": true,
          "tickmode": "auto",
          "title": "Residue #",
        },
        "yaxis": Object {
          "autorange": false,
          "nticks": 10,
          "range": Array [
            100,
            1,
          ],
          "showline": true,
          "tickmode": "auto",
          "title": "Residue #",
        },
      }
    }
    secondaryStructures={Array []}
    selectedSecondaryStructures={Array []}
    showLoader={true}
  />
</SettingsPanel>
`;

exports[`ContactMapChart Should be able to determine the . 1`] = `
<SettingsPanel
  configurations={Array []}
  direction="left"
  inverted={true}
  width="100%"
>
  <PlotlyChart
    candidateResidues={Array []}
    config={Object {}}
    data={
      Array [
        Object {
          "hoverinfo": "x+y+z",
          "marker": Object {
            "color": Array [],
            "size": 0,
          },
          "mode": "markers",
          "name": " undefined",
          "type": "scattergl",
          "x": Array [],
          "y": Array [],
          "z": Array [],
        },
      ]
    }
    dataTransformFn={[Function]}
    layout={
      Object {
        "height": 520,
        "legend": Object {
          "orientation": "h",
          "y": -0.4,
          "yanchor": "bottom",
        },
        "margin": Object {
          "b": 75,
          "l": 65,
        },
        "showlegend": true,
        "xaxis": Object {
          "autorange": false,
          "nticks": 10,
          "range": Array [
            1,
            100,
          ],
          "showline": true,
          "tickmode": "auto",
          "title": "Residue #",
        },
        "yaxis": Object {
          "autorange": false,
          "nticks": 10,
          "range": Array [
            100,
            1,
          ],
          "showline": true,
          "tickmode": "auto",
          "title": "Residue #",
        },
      }
    }
    secondaryStructures={Array []}
    selectedSecondaryStructures={Array []}
    showLoader={true}
  />
</SettingsPanel>
`;

exports[`ContactMapChart Should be able to determine the n. 1`] = `
<SettingsPanel
  configurations={Array []}
  direction="left"
  inverted={true}
  width="100%"
>
  <PlotlyChart
    candidateResidues={Array []}
    config={Object {}}
    data={
      Array [
        Object {
          "hoverinfo": "x+y+z",
          "marker": Object {
            "color": Array [],
            "size": 0,
          },
          "mode": "markers",
          "name": " undefined",
          "type": "scattergl",
          "x": Array [],
          "y": Array [],
          "z": Array [],
        },
      ]
    }
    dataTransformFn={[Function]}
    layout={
      Object {
        "height": 520,
        "legend": Object {
          "orientation": "h",
          "y": -0.4,
          "yanchor": "bottom",
        },
        "margin": Object {
          "b": 75,
          "l": 65,
        },
        "showlegend": true,
        "xaxis": Object {
          "autorange": false,
          "nticks": 10,
          "range": Array [
            1,
            100,
          ],
          "showline": true,
          "tickmode": "auto",
          "title": "Residue #",
        },
        "yaxis": Object {
          "autorange": false,
          "nticks": 10,
          "range": Array [
            100,
            1,
          ],
          "showline": true,
          "tickmode": "auto",
          "title": "Residue #",
        },
      }
    }
    secondaryStructures={Array []}
    selectedSecondaryStructures={Array []}
    showLoader={true}
  />
</SettingsPanel>
`;

exports[`ContactMapChart Should be able to determine the num. 1`] = `
<SettingsPanel
  configurations={Array []}
  direction="left"
  inverted={true}
  width="100%"
>
  <PlotlyChart
    candidateResidues={Array []}
    config={Object {}}
    data={
      Array [
        Object {
          "hoverinfo": "x+y+z",
          "marker": Object {
            "color": Array [],
            "size": 0,
          },
          "mode": "markers",
          "name": " undefined",
          "type": "scattergl",
          "x": Array [],
          "y": Array [],
          "z": Array [],
        },
      ]
    }
    dataTransformFn={[Function]}
    layout={
      Object {
        "height": 520,
        "legend": Object {
          "orientation": "h",
          "y": -0.4,
          "yanchor": "bottom",
        },
        "margin": Object {
          "b": 75,
          "l": 65,
        },
        "showlegend": true,
        "xaxis": Object {
          "autorange": false,
          "nticks": 10,
          "range": Array [
            1,
            100,
          ],
          "showline": true,
          "tickmode": "auto",
          "title": "Residue #",
        },
        "yaxis": Object {
          "autorange": false,
          "nticks": 10,
          "range": Array [
            100,
            1,
          ],
          "showline": true,
          "tickmode": "auto",
          "title": "Residue #",
        },
      }
    }
    secondaryStructures={Array []}
    selectedSecondaryStructures={Array []}
    showLoader={true}
  />
</SettingsPanel>
`;

exports[`ContactMapChart Should be able to determine the numbe. 1`] = `
<SettingsPanel
  configurations={Array []}
  direction="left"
  inverted={true}
  width="100%"
>
  <PlotlyChart
    candidateResidues={Array []}
    config={Object {}}
    data={
      Array [
        Object {
          "hoverinfo": "x+y+z",
          "marker": Object {
            "color": Array [],
            "size": 0,
          },
          "mode": "markers",
          "name": " undefined",
          "type": "scattergl",
          "x": Array [],
          "y": Array [],
          "z": Array [],
        },
      ]
    }
    dataTransformFn={[Function]}
    layout={
      Object {
        "height": 520,
        "legend": Object {
          "orientation": "h",
          "y": -0.4,
          "yanchor": "bottom",
        },
        "margin": Object {
          "b": 75,
          "l": 65,
        },
        "showlegend": true,
        "xaxis": Object {
          "autorange": false,
          "nticks": 10,
          "range": Array [
            1,
            100,
          ],
          "showline": true,
          "tickmode": "auto",
          "title": "Residue #",
        },
        "yaxis": Object {
          "autorange": false,
          "nticks": 10,
          "range": Array [
            100,
            1,
          ],
          "showline": true,
          "tickmode": "auto",
          "title": "Residue #",
        },
      }
    }
    secondaryStructures={Array []}
    selectedSecondaryStructures={Array []}
    showLoader={true}
  />
</SettingsPanel>
`;

exports[`ContactMapChart Should be able to determine the number of . 1`] = `
<SettingsPanel
  configurations={Array []}
  direction="left"
  inverted={true}
  width="100%"
>
  <PlotlyChart
    candidateResidues={Array []}
    config={Object {}}
    data={
      Array [
        Object {
          "hoverinfo": "x+y+z",
          "marker": Object {
            "color": Array [],
            "size": 0,
          },
          "mode": "markers",
          "name": " undefined",
          "type": "scattergl",
          "x": Array [],
          "y": Array [],
          "z": Array [],
        },
      ]
    }
    dataTransformFn={[Function]}
    layout={
      Object {
        "height": 520,
        "legend": Object {
          "orientation": "h",
          "y": -0.4,
          "yanchor": "bottom",
        },
        "margin": Object {
          "b": 75,
          "l": 65,
        },
        "showlegend": true,
        "xaxis": Object {
          "autorange": false,
          "nticks": 10,
          "range": Array [
            1,
            100,
          ],
          "showline": true,
          "tickmode": "auto",
          "title": "Residue #",
        },
        "yaxis": Object {
          "autorange": false,
          "nticks": 10,
          "range": Array [
            100,
            1,
          ],
          "showline": true,
          "tickmode": "auto",
          "title": "Residue #",
        },
      }
    }
    secondaryStructures={Array []}
    selectedSecondaryStructures={Array []}
    showLoader={true}
  />
</SettingsPanel>
`;

exports[`ContactMapChart Should be able to determine the number of l. 1`] = `
<SettingsPanel
  configurations={Array []}
  direction="left"
  inverted={true}
  width="100%"
>
  <PlotlyChart
    candidateResidues={Array []}
    config={Object {}}
    data={
      Array [
        Object {
          "hoverinfo": "x+y+z",
          "marker": Object {
            "color": Array [],
            "size": 0,
          },
          "mode": "markers",
          "name": " undefined",
          "type": "scattergl",
          "x": Array [],
          "y": Array [],
          "z": Array [],
        },
      ]
    }
    dataTransformFn={[Function]}
    layout={
      Object {
        "height": 520,
        "legend": Object {
          "orientation": "h",
          "y": -0.4,
          "yanchor": "bottom",
        },
        "margin": Object {
          "b": 75,
          "l": 65,
        },
        "showlegend": true,
        "xaxis": Object {
          "autorange": false,
          "nticks": 10,
          "range": Array [
            1,
            100,
          ],
          "showline": true,
          "tickmode": "auto",
          "title": "Residue #",
        },
        "yaxis": Object {
          "autorange": false,
          "nticks": 10,
          "range": Array [
            100,
            1,
          ],
          "showline": true,
          "tickmode": "auto",
          "title": "Residue #",
        },
      }
    }
    secondaryStructures={Array []}
    selectedSecondaryStructures={Array []}
    showLoader={true}
  />
</SettingsPanel>
`;

exports[`ContactMapChart Should be able to determine the number of leg. 1`] = `
<SettingsPanel
  configurations={Array []}
  direction="left"
  inverted={true}
  width="100%"
>
  <PlotlyChart
    candidateResidues={Array []}
    config={Object {}}
    data={
      Array [
        Object {
          "hoverinfo": "x+y+z",
          "marker": Object {
            "color": Array [],
            "size": 0,
          },
          "mode": "markers",
          "name": " undefined",
          "type": "scattergl",
          "x": Array [],
          "y": Array [],
          "z": Array [],
        },
      ]
    }
    dataTransformFn={[Function]}
    layout={
      Object {
        "height": 520,
        "legend": Object {
          "orientation": "h",
          "y": -0.4,
          "yanchor": "bottom",
        },
        "margin": Object {
          "b": 75,
          "l": 65,
        },
        "showlegend": true,
        "xaxis": Object {
          "autorange": false,
          "nticks": 10,
          "range": Array [
            1,
            100,
          ],
          "showline": true,
          "tickmode": "auto",
          "title": "Residue #",
        },
        "yaxis": Object {
          "autorange": false,
          "nticks": 10,
          "range": Array [
            100,
            1,
          ],
          "showline": true,
          "tickmode": "auto",
          "title": "Residue #",
        },
      }
    }
    secondaryStructures={Array []}
    selectedSecondaryStructures={Array []}
    showLoader={true}
  />
</SettingsPanel>
`;

exports[`ContactMapChart Should be able to determine the number of legend . 1`] = `
<SettingsPanel
  configurations={Array []}
  direction="left"
  inverted={true}
  width="100%"
>
  <PlotlyChart
    candidateResidues={Array []}
    config={Object {}}
    data={
      Array [
        Object {
          "hoverinfo": "x+y+z",
          "marker": Object {
            "color": Array [],
            "size": 0,
          },
          "mode": "markers",
          "name": " undefined",
          "type": "scattergl",
          "x": Array [],
          "y": Array [],
          "z": Array [],
        },
      ]
    }
    dataTransformFn={[Function]}
    layout={
      Object {
        "height": 520,
        "legend": Object {
          "orientation": "h",
          "y": -0.4,
          "yanchor": "bottom",
        },
        "margin": Object {
          "b": 75,
          "l": 65,
        },
        "showlegend": true,
        "xaxis": Object {
          "autorange": false,
          "nticks": 10,
          "range": Array [
            1,
            100,
          ],
          "showline": true,
          "tickmode": "auto",
          "title": "Residue #",
        },
        "yaxis": Object {
          "autorange": false,
          "nticks": 10,
          "range": Array [
            100,
            1,
          ],
          "showline": true,
          "tickmode": "auto",
          "title": "Residue #",
        },
      }
    }
    secondaryStructures={Array []}
    selectedSecondaryStructures={Array []}
    showLoader={true}
  />
</SettingsPanel>
`;

exports[`ContactMapChart Should be able to determine the number of legend entr. 1`] = `
<SettingsPanel
  configurations={Array []}
  direction="left"
  inverted={true}
  width="100%"
>
  <PlotlyChart
    candidateResidues={Array []}
    config={Object {}}
    data={
      Array [
        Object {
          "hoverinfo": "x+y+z",
          "marker": Object {
            "color": Array [],
            "size": 0,
          },
          "mode": "markers",
          "name": " undefined",
          "type": "scattergl",
          "x": Array [],
          "y": Array [],
          "z": Array [],
        },
      ]
    }
    dataTransformFn={[Function]}
    layout={
      Object {
        "height": 520,
        "legend": Object {
          "orientation": "h",
          "y": -0.4,
          "yanchor": "bottom",
        },
        "margin": Object {
          "b": 75,
          "l": 65,
        },
        "showlegend": true,
        "xaxis": Object {
          "autorange": false,
          "nticks": 10,
          "range": Array [
            1,
            100,
          ],
          "showline": true,
          "tickmode": "auto",
          "title": "Residue #",
        },
        "yaxis": Object {
          "autorange": false,
          "nticks": 10,
          "range": Array [
            100,
            1,
          ],
          "showline": true,
          "tickmode": "auto",
          "title": "Residue #",
        },
      }
    }
    secondaryStructures={Array []}
    selectedSecondaryStructures={Array []}
    showLoader={true}
  />
</SettingsPanel>
`;

exports[`ContactMapChart Should be able to determine the number of legend entrie. 1`] = `
<SettingsPanel
  configurations={Array []}
  direction="left"
  inverted={true}
  width="100%"
>
  <PlotlyChart
    candidateResidues={Array []}
    config={Object {}}
    data={
      Array [
        Object {
          "hoverinfo": "x+y+z",
          "marker": Object {
            "color": Array [],
            "size": 0,
          },
          "mode": "markers",
          "name": " undefined",
          "type": "scattergl",
          "x": Array [],
          "y": Array [],
          "z": Array [],
        },
      ]
    }
    dataTransformFn={[Function]}
    layout={
      Object {
        "height": 520,
        "legend": Object {
          "orientation": "h",
          "y": -0.4,
          "yanchor": "bottom",
        },
        "margin": Object {
          "b": 75,
          "l": 65,
        },
        "showlegend": true,
        "xaxis": Object {
          "autorange": false,
          "nticks": 10,
          "range": Array [
            1,
            100,
          ],
          "showline": true,
          "tickmode": "auto",
          "title": "Residue #",
        },
        "yaxis": Object {
          "autorange": false,
          "nticks": 10,
          "range": Array [
            100,
            1,
          ],
          "showline": true,
          "tickmode": "auto",
          "title": "Residue #",
        },
      }
    }
    secondaryStructures={Array []}
    selectedSecondaryStructures={Array []}
    showLoader={true}
  />
</SettingsPanel>
`;

exports[`ContactMapChart Should be able to determine the number of legend entries tha. 1`] = `
<SettingsPanel
  configurations={Array []}
  direction="left"
  inverted={true}
  width="100%"
>
  <PlotlyChart
    candidateResidues={Array []}
    config={Object {}}
    data={
      Array [
        Object {
          "hoverinfo": "x+y+z",
          "marker": Object {
            "color": Array [],
            "size": 0,
          },
          "mode": "markers",
          "name": " undefined",
          "type": "scattergl",
          "x": Array [],
          "y": Array [],
          "z": Array [],
        },
      ]
    }
    dataTransformFn={[Function]}
    layout={
      Object {
        "height": 520,
        "legend": Object {
          "orientation": "h",
          "y": -0.4,
          "yanchor": "bottom",
        },
        "margin": Object {
          "b": 75,
          "l": 65,
        },
        "showlegend": true,
        "xaxis": Object {
          "autorange": false,
          "nticks": 10,
          "range": Array [
            1,
            100,
          ],
          "showline": true,
          "tickmode": "auto",
          "title": "Residue #",
        },
        "yaxis": Object {
          "autorange": false,
          "nticks": 10,
          "range": Array [
            100,
            1,
          ],
          "showline": true,
          "tickmode": "auto",
          "title": "Residue #",
        },
      }
    }
    secondaryStructures={Array []}
    selectedSecondaryStructures={Array []}
    showLoader={true}
  />
</SettingsPanel>
`;

exports[`ContactMapChart Should be able to determine the number of legend entries that wi. 1`] = `
<SettingsPanel
  configurations={Array []}
  direction="left"
  inverted={true}
  width="100%"
>
  <PlotlyChart
    candidateResidues={Array []}
    config={Object {}}
    data={
      Array [
        Object {
          "hoverinfo": "x+y+z",
          "marker": Object {
            "color": Array [],
            "size": 0,
          },
          "mode": "markers",
          "name": " undefined",
          "type": "scattergl",
          "x": Array [],
          "y": Array [],
          "z": Array [],
        },
      ]
    }
    dataTransformFn={[Function]}
    layout={
      Object {
        "height": 520,
        "legend": Object {
          "orientation": "h",
          "y": -0.4,
          "yanchor": "bottom",
        },
        "margin": Object {
          "b": 75,
          "l": 65,
        },
        "showlegend": true,
        "xaxis": Object {
          "autorange": false,
          "nticks": 10,
          "range": Array [
            1,
            100,
          ],
          "showline": true,
          "tickmode": "auto",
          "title": "Residue #",
        },
        "yaxis": Object {
          "autorange": false,
          "nticks": 10,
          "range": Array [
            100,
            1,
          ],
          "showline": true,
          "tickmode": "auto",
          "title": "Residue #",
        },
      }
    }
    secondaryStructures={Array []}
    selectedSecondaryStructures={Array []}
    showLoader={true}
  />
</SettingsPanel>
`;

exports[`ContactMapChart Should be able to determine the number of legend entries that will be . 1`] = `
<SettingsPanel
  configurations={Array []}
  direction="left"
  inverted={true}
  width="100%"
>
  <PlotlyChart
    candidateResidues={Array []}
    config={Object {}}
    data={
      Array [
        Object {
          "hoverinfo": "x+y+z",
          "marker": Object {
            "color": Array [],
            "size": 0,
          },
          "mode": "markers",
          "name": " undefined",
          "type": "scattergl",
          "x": Array [],
          "y": Array [],
          "z": Array [],
        },
      ]
    }
    dataTransformFn={[Function]}
    layout={
      Object {
        "height": 520,
        "legend": Object {
          "orientation": "h",
          "y": -0.4,
          "yanchor": "bottom",
        },
        "margin": Object {
          "b": 75,
          "l": 65,
        },
        "showlegend": true,
        "xaxis": Object {
          "autorange": false,
          "nticks": 10,
          "range": Array [
            1,
            100,
          ],
          "showline": true,
          "tickmode": "auto",
          "title": "Residue #",
        },
        "yaxis": Object {
          "autorange": false,
          "nticks": 10,
          "range": Array [
            100,
            1,
          ],
          "showline": true,
          "tickmode": "auto",
          "title": "Residue #",
        },
      }
    }
    secondaryStructures={Array []}
    selectedSecondaryStructures={Array []}
    showLoader={true}
  />
</SettingsPanel>
`;

exports[`ContactMapChart Should be able to determine the number of legend entries that will be cr. 1`] = `
<SettingsPanel
  configurations={Array []}
  direction="left"
  inverted={true}
  width="100%"
>
  <PlotlyChart
    candidateResidues={Array []}
    config={Object {}}
    data={
      Array [
        Object {
          "hoverinfo": "x+y+z",
          "marker": Object {
            "color": Array [],
            "size": 0,
          },
          "mode": "markers",
          "name": " undefined",
          "type": "scattergl",
          "x": Array [],
          "y": Array [],
          "z": Array [],
        },
      ]
    }
    dataTransformFn={[Function]}
    layout={
      Object {
        "height": 520,
        "legend": Object {
          "orientation": "h",
          "y": -0.4,
          "yanchor": "bottom",
        },
        "margin": Object {
          "b": 75,
          "l": 65,
        },
        "showlegend": true,
        "xaxis": Object {
          "autorange": false,
          "nticks": 10,
          "range": Array [
            1,
            100,
          ],
          "showline": true,
          "tickmode": "auto",
          "title": "Residue #",
        },
        "yaxis": Object {
          "autorange": false,
          "nticks": 10,
          "range": Array [
            100,
            1,
          ],
          "showline": true,
          "tickmode": "auto",
          "title": "Residue #",
        },
      }
    }
    secondaryStructures={Array []}
    selectedSecondaryStructures={Array []}
    showLoader={true}
  />
</SettingsPanel>
`;

exports[`ContactMapChart Should be able to determine the number of legend entries that will be created. 1`] = `
<SettingsPanel
  configurations={Array []}
  direction="left"
  inverted={true}
  width="100%"
>
  <PlotlyChart
    candidateResidues={Array []}
    config={Object {}}
    data={
      Array [
        Object {
          "hoverinfo": "x+y+z",
          "marker": Object {
            "color": Array [],
            "size": 0,
          },
          "mode": "markers",
          "name": " undefined",
          "type": "scattergl",
          "x": Array [],
          "y": Array [],
          "z": Array [],
        },
      ]
    }
    dataTransformFn={[Function]}
    layout={
      Object {
        "height": 520,
        "legend": Object {
          "orientation": "h",
          "y": -0.4,
          "yanchor": "bottom",
        },
        "margin": Object {
          "b": 75,
          "l": 65,
        },
        "showlegend": true,
        "xaxis": Object {
          "autorange": false,
          "nticks": 10,
          "range": Array [
            1,
            100,
          ],
          "showline": true,
          "tickmode": "auto",
          "title": "Residue #",
        },
        "yaxis": Object {
          "autorange": false,
          "nticks": 10,
          "range": Array [
            100,
            1,
          ],
          "showline": true,
          "tickmode": "auto",
          "title": "Residue #",
        },
      }
    }
    secondaryStructures={Array []}
    selectedSecondaryStructures={Array []}
    showLoader={true}
  />
</SettingsPanel>
`;

exports[`ContactMapChart Should be able to determine the number of legend entries that will be created.. 1`] = `
<SettingsPanel
  configurations={Array []}
  direction="left"
  inverted={true}
  width="100%"
>
  <PlotlyChart
    candidateResidues={Array []}
    config={Object {}}
    data={
      Array [
        Object {
          "hoverinfo": "x+y+z",
          "marker": Object {
            "color": Array [],
            "size": 0,
          },
          "mode": "markers",
          "name": " undefined",
          "type": "scattergl",
          "x": Array [],
          "y": Array [],
          "z": Array [],
        },
      ]
    }
    dataTransformFn={[Function]}
    layout={
      Object {
        "height": 520,
        "legend": Object {
          "orientation": "h",
          "y": -0.4,
          "yanchor": "bottom",
        },
        "margin": Object {
          "b": 75,
          "l": 65,
        },
        "showlegend": true,
        "xaxis": Object {
          "autorange": false,
          "nticks": 10,
          "range": Array [
            1,
            100,
          ],
          "showline": true,
          "tickmode": "auto",
          "title": "Residue #",
        },
        "yaxis": Object {
          "autorange": false,
          "nticks": 10,
          "range": Array [
            100,
            1,
          ],
          "showline": true,
          "tickmode": "auto",
          "title": "Residue #",
        },
      }
    }
    secondaryStructures={Array []}
    selectedSecondaryStructures={Array []}
    showLoader={true}
  />
</SettingsPanel>
`;

exports[`ContactMapChart Should be able to determine the number of legend entries that will be g. 1`] = `
<SettingsPanel
  configurations={Array []}
  direction="left"
  inverted={true}
  width="100%"
>
  <PlotlyChart
    candidateResidues={Array []}
    config={Object {}}
    data={
      Array [
        Object {
          "hoverinfo": "x+y+z",
          "marker": Object {
            "color": Array [],
            "size": 0,
          },
          "mode": "markers",
          "name": " undefined",
          "type": "scattergl",
          "x": Array [],
          "y": Array [],
          "z": Array [],
        },
      ]
    }
    dataTransformFn={[Function]}
    layout={
      Object {
        "height": 520,
        "legend": Object {
          "orientation": "h",
          "y": -0.4,
          "yanchor": "bottom",
        },
        "margin": Object {
          "b": 75,
          "l": 65,
        },
        "showlegend": true,
        "xaxis": Object {
          "autorange": false,
          "nticks": 10,
          "range": Array [
            1,
            100,
          ],
          "showline": true,
          "tickmode": "auto",
          "title": "Residue #",
        },
        "yaxis": Object {
          "autorange": false,
          "nticks": 10,
          "range": Array [
            100,
            1,
          ],
          "showline": true,
          "tickmode": "auto",
          "title": "Residue #",
        },
      }
    }
    secondaryStructures={Array []}
    selectedSecondaryStructures={Array []}
    showLoader={true}
  />
</SettingsPanel>
`;

exports[`ContactMapChart Should be able to determine the number of legend entries that will be ge. 1`] = `
<SettingsPanel
  configurations={Array []}
  direction="left"
  inverted={true}
  width="100%"
>
  <PlotlyChart
    candidateResidues={Array []}
    config={Object {}}
    data={
      Array [
        Object {
          "hoverinfo": "x+y+z",
          "marker": Object {
            "color": Array [],
            "size": 0,
          },
          "mode": "markers",
          "name": " undefined",
          "type": "scattergl",
          "x": Array [],
          "y": Array [],
          "z": Array [],
        },
      ]
    }
    dataTransformFn={[Function]}
    layout={
      Object {
        "height": 520,
        "legend": Object {
          "orientation": "h",
          "y": -0.4,
          "yanchor": "bottom",
        },
        "margin": Object {
          "b": 75,
          "l": 65,
        },
        "showlegend": true,
        "xaxis": Object {
          "autorange": false,
          "nticks": 10,
          "range": Array [
            1,
            100,
          ],
          "showline": true,
          "tickmode": "auto",
          "title": "Residue #",
        },
        "yaxis": Object {
          "autorange": false,
          "nticks": 10,
          "range": Array [
            100,
            1,
          ],
          "showline": true,
          "tickmode": "auto",
          "title": "Residue #",
        },
      }
    }
    secondaryStructures={Array []}
    selectedSecondaryStructures={Array []}
    showLoader={true}
  />
</SettingsPanel>
`;

exports[`ContactMapChart Should be able to determine the number of legend entries that will be gen. 1`] = `
<SettingsPanel
  configurations={Array []}
  direction="left"
  inverted={true}
  width="100%"
>
  <PlotlyChart
    candidateResidues={Array []}
    config={Object {}}
    data={
      Array [
        Object {
          "hoverinfo": "x+y+z",
          "marker": Object {
            "color": Array [],
            "size": 0,
          },
          "mode": "markers",
          "name": " undefined",
          "type": "scattergl",
          "x": Array [],
          "y": Array [],
          "z": Array [],
        },
      ]
    }
    dataTransformFn={[Function]}
    layout={
      Object {
        "height": 520,
        "legend": Object {
          "orientation": "h",
          "y": -0.4,
          "yanchor": "bottom",
        },
        "margin": Object {
          "b": 75,
          "l": 65,
        },
        "showlegend": true,
        "xaxis": Object {
          "autorange": false,
          "nticks": 10,
          "range": Array [
            1,
            100,
          ],
          "showline": true,
          "tickmode": "auto",
          "title": "Residue #",
        },
        "yaxis": Object {
          "autorange": false,
          "nticks": 10,
          "range": Array [
            100,
            1,
          ],
          "showline": true,
          "tickmode": "auto",
          "title": "Residue #",
        },
      }
    }
    secondaryStructures={Array []}
    selectedSecondaryStructures={Array []}
    showLoader={true}
  />
</SettingsPanel>
`;

exports[`ContactMapChart Should be able to determine the number of legend entries that will be gene. 1`] = `
<SettingsPanel
  configurations={Array []}
  direction="left"
  inverted={true}
  width="100%"
>
  <PlotlyChart
    candidateResidues={Array []}
    config={Object {}}
    data={
      Array [
        Object {
          "hoverinfo": "x+y+z",
          "marker": Object {
            "color": Array [],
            "size": 0,
          },
          "mode": "markers",
          "name": " undefined",
          "type": "scattergl",
          "x": Array [],
          "y": Array [],
          "z": Array [],
        },
      ]
    }
    dataTransformFn={[Function]}
    layout={
      Object {
        "height": 520,
        "legend": Object {
          "orientation": "h",
          "y": -0.4,
          "yanchor": "bottom",
        },
        "margin": Object {
          "b": 75,
          "l": 65,
        },
        "showlegend": true,
        "xaxis": Object {
          "autorange": false,
          "nticks": 10,
          "range": Array [
            1,
            100,
          ],
          "showline": true,
          "tickmode": "auto",
          "title": "Residue #",
        },
        "yaxis": Object {
          "autorange": false,
          "nticks": 10,
          "range": Array [
            100,
            1,
          ],
          "showline": true,
          "tickmode": "auto",
          "title": "Residue #",
        },
      }
    }
    secondaryStructures={Array []}
    selectedSecondaryStructures={Array []}
    showLoader={true}
  />
</SettingsPanel>
`;

exports[`ContactMapChart Should be able to determine the number of legend entries that will be. 1`] = `
<SettingsPanel
  configurations={Array []}
  direction="left"
  inverted={true}
  width="100%"
>
  <PlotlyChart
    candidateResidues={Array []}
    config={Object {}}
    data={
      Array [
        Object {
          "hoverinfo": "x+y+z",
          "marker": Object {
            "color": Array [],
            "size": 0,
          },
          "mode": "markers",
          "name": " undefined",
          "type": "scattergl",
          "x": Array [],
          "y": Array [],
          "z": Array [],
        },
      ]
    }
    dataTransformFn={[Function]}
    layout={
      Object {
        "height": 520,
        "legend": Object {
          "orientation": "h",
          "y": -0.4,
          "yanchor": "bottom",
        },
        "margin": Object {
          "b": 75,
          "l": 65,
        },
        "showlegend": true,
        "xaxis": Object {
          "autorange": false,
          "nticks": 10,
          "range": Array [
            1,
            100,
          ],
          "showline": true,
          "tickmode": "auto",
          "title": "Residue #",
        },
        "yaxis": Object {
          "autorange": false,
          "nticks": 10,
          "range": Array [
            100,
            1,
          ],
          "showline": true,
          "tickmode": "auto",
          "title": "Residue #",
        },
      }
    }
    secondaryStructures={Array []}
    selectedSecondaryStructures={Array []}
    showLoader={true}
  />
</SettingsPanel>
`;

exports[`ContactMapChart Should be able to determine the number of legend entries that will. 1`] = `
<SettingsPanel
  configurations={Array []}
  direction="left"
  inverted={true}
  width="100%"
>
  <PlotlyChart
    candidateResidues={Array []}
    config={Object {}}
    data={
      Array [
        Object {
          "hoverinfo": "x+y+z",
          "marker": Object {
            "color": Array [],
            "size": 0,
          },
          "mode": "markers",
          "name": " undefined",
          "type": "scattergl",
          "x": Array [],
          "y": Array [],
          "z": Array [],
        },
      ]
    }
    dataTransformFn={[Function]}
    layout={
      Object {
        "height": 520,
        "legend": Object {
          "orientation": "h",
          "y": -0.4,
          "yanchor": "bottom",
        },
        "margin": Object {
          "b": 75,
          "l": 65,
        },
        "showlegend": true,
        "xaxis": Object {
          "autorange": false,
          "nticks": 10,
          "range": Array [
            1,
            100,
          ],
          "showline": true,
          "tickmode": "auto",
          "title": "Residue #",
        },
        "yaxis": Object {
          "autorange": false,
          "nticks": 10,
          "range": Array [
            100,
            1,
          ],
          "showline": true,
          "tickmode": "auto",
          "title": "Residue #",
        },
      }
    }
    secondaryStructures={Array []}
    selectedSecondaryStructures={Array []}
    showLoader={true}
  />
</SettingsPanel>
`;

exports[`ContactMapChart Should be able to determine the number of u. 1`] = `
<SettingsPanel
  configurations={Array []}
  direction="left"
  inverted={true}
  width="100%"
>
  <PlotlyChart
    candidateResidues={Array []}
    config={Object {}}
    data={
      Array [
        Object {
          "hoverinfo": "x+y+z",
          "marker": Object {
            "color": Array [],
            "size": 0,
          },
          "mode": "markers",
          "name": " undefined",
          "type": "scattergl",
          "x": Array [],
          "y": Array [],
          "z": Array [],
        },
      ]
    }
    dataTransformFn={[Function]}
    layout={
      Object {
        "height": 520,
        "legend": Object {
          "orientation": "h",
          "y": -0.4,
          "yanchor": "bottom",
        },
        "margin": Object {
          "b": 75,
          "l": 65,
        },
        "showlegend": true,
        "xaxis": Object {
          "autorange": false,
          "nticks": 10,
          "range": Array [
            1,
            100,
          ],
          "showline": true,
          "tickmode": "auto",
          "title": "Residue #",
        },
        "yaxis": Object {
          "autorange": false,
          "nticks": 10,
          "range": Array [
            100,
            1,
          ],
          "showline": true,
          "tickmode": "auto",
          "title": "Residue #",
        },
      }
    }
    secondaryStructures={Array []}
    selectedSecondaryStructures={Array []}
    showLoader={true}
  />
</SettingsPanel>
`;

exports[`ContactMapChart Should c. 1`] = `
<SettingsPanel
  configurations={Array []}
  direction="left"
  inverted={true}
  width="100%"
>
  <PlotlyChart
    candidateResidues={Array []}
    config={Object {}}
    data={
      Array [
        Object {
          "hoverinfo": "x+y+z",
          "marker": Object {
            "color": Array [],
            "size": 0,
          },
          "mode": "markers",
          "name": " undefined",
          "type": "scattergl",
          "x": Array [],
          "y": Array [],
          "z": Array [],
        },
      ]
    }
    dataTransformFn={[Function]}
    layout={
      Object {
        "height": 520,
        "legend": Object {
          "orientation": "h",
          "y": -0.4,
          "yanchor": "bottom",
        },
        "margin": Object {
          "b": 75,
          "l": 65,
        },
        "showlegend": true,
        "xaxis": Object {
          "autorange": false,
          "nticks": 10,
          "range": Array [
            1,
            100,
          ],
          "showline": true,
          "tickmode": "auto",
          "title": "Residue #",
        },
        "yaxis": Object {
          "autorange": false,
          "nticks": 10,
          "range": Array [
            100,
            1,
          ],
          "showline": true,
          "tickmode": "auto",
          "title": "Residue #",
        },
      }
    }
    secondaryStructures={Array []}
    selectedSecondaryStructures={Array []}
    showLoader={true}
  />
</SettingsPanel>
`;

exports[`ContactMapChart Should cor. 1`] = `
<SettingsPanel
  configurations={Array []}
  direction="left"
  inverted={true}
  width="100%"
>
  <PlotlyChart
    candidateResidues={Array []}
    config={Object {}}
    data={
      Array [
        Object {
          "hoverinfo": "x+y+z",
          "marker": Object {
            "color": Array [],
            "size": 0,
          },
          "mode": "markers",
          "name": " undefined",
          "type": "scattergl",
          "x": Array [],
          "y": Array [],
          "z": Array [],
        },
      ]
    }
    dataTransformFn={[Function]}
    layout={
      Object {
        "height": 520,
        "legend": Object {
          "orientation": "h",
          "y": -0.4,
          "yanchor": "bottom",
        },
        "margin": Object {
          "b": 75,
          "l": 65,
        },
        "showlegend": true,
        "xaxis": Object {
          "autorange": false,
          "nticks": 10,
          "range": Array [
            1,
            100,
          ],
          "showline": true,
          "tickmode": "auto",
          "title": "Residue #",
        },
        "yaxis": Object {
          "autorange": false,
          "nticks": 10,
          "range": Array [
            100,
            1,
          ],
          "showline": true,
          "tickmode": "auto",
          "title": "Residue #",
        },
      }
    }
    secondaryStructures={Array []}
    selectedSecondaryStructures={Array []}
    showLoader={true}
  />
</SettingsPanel>
`;

exports[`ContactMapChart Should corr. 1`] = `
<SettingsPanel
  configurations={Array []}
  direction="left"
  inverted={true}
  width="100%"
>
  <PlotlyChart
    candidateResidues={Array []}
    config={Object {}}
    data={
      Array [
        Object {
          "hoverinfo": "x+y+z",
          "marker": Object {
            "color": Array [],
            "size": 0,
          },
          "mode": "markers",
          "name": " undefined",
          "type": "scattergl",
          "x": Array [],
          "y": Array [],
          "z": Array [],
        },
      ]
    }
    dataTransformFn={[Function]}
    layout={
      Object {
        "height": 520,
        "legend": Object {
          "orientation": "h",
          "y": -0.4,
          "yanchor": "bottom",
        },
        "margin": Object {
          "b": 75,
          "l": 65,
        },
        "showlegend": true,
        "xaxis": Object {
          "autorange": false,
          "nticks": 10,
          "range": Array [
            1,
            100,
          ],
          "showline": true,
          "tickmode": "auto",
          "title": "Residue #",
        },
        "yaxis": Object {
          "autorange": false,
          "nticks": 10,
          "range": Array [
            100,
            1,
          ],
          "showline": true,
          "tickmode": "auto",
          "title": "Residue #",
        },
      }
    }
    secondaryStructures={Array []}
    selectedSecondaryStructures={Array []}
    showLoader={true}
  />
</SettingsPanel>
`;

exports[`ContactMapChart Should corre. 1`] = `
<SettingsPanel
  configurations={Array []}
  direction="left"
  inverted={true}
  width="100%"
>
  <PlotlyChart
    candidateResidues={Array []}
    config={Object {}}
    data={
      Array [
        Object {
          "hoverinfo": "x+y+z",
          "marker": Object {
            "color": Array [],
            "size": 0,
          },
          "mode": "markers",
          "name": " undefined",
          "type": "scattergl",
          "x": Array [],
          "y": Array [],
          "z": Array [],
        },
      ]
    }
    dataTransformFn={[Function]}
    layout={
      Object {
        "height": 520,
        "legend": Object {
          "orientation": "h",
          "y": -0.4,
          "yanchor": "bottom",
        },
        "margin": Object {
          "b": 75,
          "l": 65,
        },
        "showlegend": true,
        "xaxis": Object {
          "autorange": false,
          "nticks": 10,
          "range": Array [
            1,
            100,
          ],
          "showline": true,
          "tickmode": "auto",
          "title": "Residue #",
        },
        "yaxis": Object {
          "autorange": false,
          "nticks": 10,
          "range": Array [
            100,
            1,
          ],
          "showline": true,
          "tickmode": "auto",
          "title": "Residue #",
        },
      }
    }
    secondaryStructures={Array []}
    selectedSecondaryStructures={Array []}
    showLoader={true}
  />
</SettingsPanel>
`;

exports[`ContactMapChart Should match existing snapshot when given data with extra axes. 1`] = `
<SettingsPanel
  configurations={Array []}
  direction="left"
  inverted={true}
  width="100%"
>
  <PlotlyChart
    candidateResidues={Array []}
    config={Object {}}
    data={
      Array [
        Object {
          "hoverinfo": "x+y+z",
          "marker": Object {
            "color": Array [],
            "size": 0,
          },
          "mode": "markers",
          "name": " undefined",
          "type": "scattergl",
          "x": Array [],
          "y": Array [],
          "z": Array [],
        },
      ]
    }
    dataTransformFn={[Function]}
    layout={
      Object {
        "height": 520,
        "legend": Object {
          "orientation": "h",
          "y": -0.4,
          "yanchor": "bottom",
        },
        "margin": Object {
          "b": 75,
          "l": 65,
        },
        "showlegend": true,
        "xaxis": Object {
          "autorange": false,
          "nticks": 10,
          "range": Array [
            1,
            100,
          ],
          "showline": true,
          "tickmode": "auto",
          "title": "Residue #",
        },
        "yaxis": Object {
          "autorange": false,
          "nticks": 10,
          "range": Array [
            100,
            1,
          ],
          "showline": true,
          "tickmode": "auto",
          "title": "Residue #",
        },
      }
    }
    secondaryStructures={
      Array [
        Array [
          Chell1DSection {
            "label": "H",
            "sectionEnd": 2,
            "sectionStart": 0,
          },
          Chell1DSection {
            "label": "E",
            "sectionEnd": 3,
            "sectionStart": 3,
          },
        ],
      ]
    }
    selectedSecondaryStructures={Array []}
    showLoader={true}
  />
</SettingsPanel>
`;

exports[`ContactMapChart Should match existing snapshot when given data with multiple secondary structures. 1`] = `
<SettingsPanel
  configurations={Array []}
  direction="left"
  inverted={true}
  width="100%"
>
  <PlotlyChart
    candidateResidues={Array []}
    config={Object {}}
    data={
      Array [
        Object {
          "hoverinfo": "x+y+z",
          "marker": Object {
            "color": Array [],
            "size": 0,
          },
          "mode": "markers",
          "name": " undefined",
          "type": "scattergl",
          "x": Array [],
          "y": Array [],
          "z": Array [],
        },
      ]
    }
    dataTransformFn={[Function]}
    layout={
      Object {
        "height": 520,
        "legend": Object {
          "orientation": "h",
          "y": -0.4,
          "yanchor": "bottom",
        },
        "margin": Object {
          "b": 75,
          "l": 65,
        },
        "showlegend": true,
        "xaxis": Object {
          "autorange": false,
          "nticks": 10,
          "range": Array [
            1,
            100,
          ],
          "showline": true,
          "tickmode": "auto",
          "title": "Residue #",
        },
        "yaxis": Object {
          "autorange": false,
          "nticks": 10,
          "range": Array [
            100,
            1,
          ],
          "showline": true,
          "tickmode": "auto",
          "title": "Residue #",
        },
      }
    }
    secondaryStructures={
      Array [
        Array [
          Chell1DSection {
            "label": "H",
            "sectionEnd": 2,
            "sectionStart": 0,
          },
          Chell1DSection {
            "label": "E",
            "sectionEnd": 3,
            "sectionStart": 3,
          },
        ],
        Array [
          Chell1DSection {
            "label": "C",
            "sectionEnd": 2,
            "sectionStart": 0,
          },
          Chell1DSection {
            "label": "H",
            "sectionEnd": 14,
            "sectionStart": 11,
          },
        ],
      ]
    }
    selectedSecondaryStructures={Array []}
    showLoader={true}
  />
</SettingsPanel>
`;

exports[`ContactMapChart Should match existing snapshot when given simple data. 1`] = `
<SettingsPanel
  configurations={Array []}
  direction="left"
  inverted={true}
  width="100%"
>
  <PlotlyChart
    candidateResidues={Array []}
    config={Object {}}
    data={
      Array [
        Object {
          "hoverinfo": "x+y+z",
          "marker": Object {
            "color": Array [],
            "size": 0,
          },
          "mode": "markers",
          "name": " undefined",
          "type": "scattergl",
          "x": Array [],
          "y": Array [],
          "z": Array [],
        },
      ]
    }
    dataTransformFn={[Function]}
    layout={
      Object {
        "height": 520,
        "legend": Object {
          "orientation": "h",
          "y": -0.4,
          "yanchor": "bottom",
        },
        "margin": Object {
          "b": 75,
          "l": 65,
        },
        "showlegend": true,
        "xaxis": Object {
          "autorange": false,
          "nticks": 10,
          "range": Array [
            1,
            100,
          ],
          "showline": true,
          "tickmode": "auto",
          "title": "Residue #",
        },
        "yaxis": Object {
          "autorange": false,
          "nticks": 10,
          "range": Array [
            100,
            1,
          ],
          "showline": true,
          "tickmode": "auto",
          "title": "Residue #",
        },
      }
    }
    secondaryStructures={Array []}
    selectedSecondaryStructures={Array []}
    showLoader={true}
  />
</SettingsPanel>
`;

exports[`ContactMapChart Should match existing snapshot when given simple data. 2`] = `
<SettingsPanel
  configurations={Array []}
  direction="left"
  inverted={true}
  width="100%"
>
  <PlotlyChart
    candidateResidues={Array []}
    config={Object {}}
    data={
      Array [
        Object {
          "hoverinfo": "x+y+z",
          "marker": Object {
            "color": Array [],
            "size": 0,
          },
          "mode": "markers",
          "name": " undefined",
          "type": "scattergl",
          "x": Array [],
          "y": Array [],
          "z": Array [],
        },
      ]
    }
    dataTransformFn={[Function]}
    layout={
      Object {
        "height": 520,
        "legend": Object {
          "orientation": "h",
          "y": -0.4,
          "yanchor": "bottom",
        },
        "margin": Object {
          "b": 75,
          "l": 65,
        },
        "showlegend": true,
        "xaxis": Object {
          "autorange": false,
          "nticks": 10,
          "range": Array [
            1,
            100,
          ],
          "showline": true,
          "tickmode": "auto",
          "title": "Residue #",
        },
        "yaxis": Object {
          "autorange": false,
          "nticks": 10,
          "range": Array [
            100,
            1,
          ],
          "showline": true,
          "tickmode": "auto",
          "title": "Residue #",
        },
      }
    }
    secondaryStructures={Array []}
    selectedSecondaryStructures={Array []}
    showLoader={true}
  />
</SettingsPanel>
`;

exports[`ContactMapChart Should r. 1`] = `
<SettingsPanel
  configurations={Array []}
  direction="left"
  inverted={true}
  width="100%"
>
  <PlotlyChart
    candidateResidues={Array []}
    config={Object {}}
    data={
      Array [
        Object {
          "hoverinfo": "x+y+z",
          "marker": Object {
            "color": Array [],
            "size": 0,
          },
          "mode": "markers",
          "name": " undefined",
          "type": "scattergl",
          "x": Array [],
          "y": Array [],
          "z": Array [],
        },
      ]
    }
    dataTransformFn={[Function]}
    layout={
      Object {
        "height": 520,
        "legend": Object {
          "orientation": "h",
          "y": -0.4,
          "yanchor": "bottom",
        },
        "margin": Object {
          "b": 75,
          "l": 65,
        },
        "showlegend": true,
        "xaxis": Object {
          "autorange": false,
          "nticks": 10,
          "range": Array [
            1,
            100,
          ],
          "showline": true,
          "tickmode": "auto",
          "title": "Residue #",
        },
        "yaxis": Object {
          "autorange": false,
          "nticks": 10,
          "range": Array [
            100,
            1,
          ],
          "showline": true,
          "tickmode": "auto",
          "title": "Residue #",
        },
      }
    }
    secondaryStructures={Array []}
    selectedSecondaryStructures={Array []}
    showLoader={true}
  />
</SettingsPanel>
`;

exports[`ContactMapChart Should res. 1`] = `
<SettingsPanel
  configurations={Array []}
  direction="left"
  inverted={true}
  width="100%"
>
  <PlotlyChart
    candidateResidues={Array []}
    config={Object {}}
    data={
      Array [
        Object {
          "hoverinfo": "x+y+z",
          "marker": Object {
            "color": Array [],
            "size": 0,
          },
          "mode": "markers",
          "name": " undefined",
          "type": "scattergl",
          "x": Array [],
          "y": Array [],
          "z": Array [],
        },
      ]
    }
    dataTransformFn={[Function]}
    layout={
      Object {
        "height": 520,
        "legend": Object {
          "orientation": "h",
          "y": -0.4,
          "yanchor": "bottom",
        },
        "margin": Object {
          "b": 75,
          "l": 65,
        },
        "showlegend": true,
        "xaxis": Object {
          "autorange": false,
          "nticks": 10,
          "range": Array [
            1,
            100,
          ],
          "showline": true,
          "tickmode": "auto",
          "title": "Residue #",
        },
        "yaxis": Object {
          "autorange": false,
          "nticks": 10,
          "range": Array [
            100,
            1,
          ],
          "showline": true,
          "tickmode": "auto",
          "title": "Residue #",
        },
      }
    }
    secondaryStructures={Array []}
    selectedSecondaryStructures={Array []}
    showLoader={true}
  />
</SettingsPanel>
`;

exports[`ContactMapChart Should resiz. 1`] = `
<SettingsPanel
  configurations={Array []}
  direction="left"
  inverted={true}
  width="100%"
>
  <PlotlyChart
    candidateResidues={Array []}
    config={Object {}}
    data={
      Array [
        Object {
          "hoverinfo": "x+y+z",
          "marker": Object {
            "color": Array [],
            "size": 0,
          },
          "mode": "markers",
          "name": " undefined",
          "type": "scattergl",
          "x": Array [],
          "y": Array [],
          "z": Array [],
        },
      ]
    }
    dataTransformFn={[Function]}
    layout={
      Object {
        "height": 520,
        "legend": Object {
          "orientation": "h",
          "y": -0.4,
          "yanchor": "bottom",
        },
        "margin": Object {
          "b": 75,
          "l": 65,
        },
        "showlegend": true,
        "xaxis": Object {
          "autorange": false,
          "nticks": 10,
          "range": Array [
            1,
            100,
          ],
          "showline": true,
          "tickmode": "auto",
          "title": "Residue #",
        },
        "yaxis": Object {
          "autorange": false,
          "nticks": 10,
          "range": Array [
            100,
            1,
          ],
          "showline": true,
          "tickmode": "auto",
          "title": "Residue #",
        },
      }
    }
    secondaryStructures={Array []}
    selectedSecondaryStructures={Array []}
    showLoader={true}
  />
</SettingsPanel>
`;

exports[`ContactMapChart Should resize itse. 1`] = `
<SettingsPanel
  configurations={Array []}
  direction="left"
  inverted={true}
  width="100%"
>
  <PlotlyChart
    candidateResidues={Array []}
    config={Object {}}
    data={
      Array [
        Object {
          "hoverinfo": "x+y+z",
          "marker": Object {
            "color": Array [],
            "size": 0,
          },
          "mode": "markers",
          "name": " undefined",
          "type": "scattergl",
          "x": Array [],
          "y": Array [],
          "z": Array [],
        },
      ]
    }
    dataTransformFn={[Function]}
    layout={
      Object {
        "height": 520,
        "legend": Object {
          "orientation": "h",
          "y": -0.4,
          "yanchor": "bottom",
        },
        "margin": Object {
          "b": 75,
          "l": 65,
        },
        "showlegend": true,
        "xaxis": Object {
          "autorange": false,
          "nticks": 10,
          "range": Array [
            1,
            100,
          ],
          "showline": true,
          "tickmode": "auto",
          "title": "Residue #",
        },
        "yaxis": Object {
          "autorange": false,
          "nticks": 10,
          "range": Array [
            100,
            1,
          ],
          "showline": true,
          "tickmode": "auto",
          "title": "Residue #",
        },
      }
    }
    secondaryStructures={Array []}
    selectedSecondaryStructures={Array []}
    showLoader={true}
  />
</SettingsPanel>
`;

exports[`ContactMapChart Should resize itself . 1`] = `
<SettingsPanel
  configurations={Array []}
  direction="left"
  inverted={true}
  width="100%"
>
  <PlotlyChart
    candidateResidues={Array []}
    config={Object {}}
    data={
      Array [
        Object {
          "hoverinfo": "x+y+z",
          "marker": Object {
            "color": Array [],
            "size": 0,
          },
          "mode": "markers",
          "name": " undefined",
          "type": "scattergl",
          "x": Array [],
          "y": Array [],
          "z": Array [],
        },
      ]
    }
    dataTransformFn={[Function]}
    layout={
      Object {
        "height": 520,
        "legend": Object {
          "orientation": "h",
          "y": -0.4,
          "yanchor": "bottom",
        },
        "margin": Object {
          "b": 75,
          "l": 65,
        },
        "showlegend": true,
        "xaxis": Object {
          "autorange": false,
          "nticks": 10,
          "range": Array [
            1,
            100,
          ],
          "showline": true,
          "tickmode": "auto",
          "title": "Residue #",
        },
        "yaxis": Object {
          "autorange": false,
          "nticks": 10,
          "range": Array [
            100,
            1,
          ],
          "showline": true,
          "tickmode": "auto",
          "title": "Residue #",
        },
      }
    }
    secondaryStructures={Array []}
    selectedSecondaryStructures={Array []}
    showLoader={true}
  />
</SettingsPanel>
`;

exports[`ContactMapChart Should resize itself bas. 1`] = `
<SettingsPanel
  configurations={Array []}
  direction="left"
  inverted={true}
  width="100%"
>
  <PlotlyChart
    candidateResidues={Array []}
    config={Object {}}
    data={
      Array [
        Object {
          "hoverinfo": "x+y+z",
          "marker": Object {
            "color": Array [],
            "size": 0,
          },
          "mode": "markers",
          "name": " undefined",
          "type": "scattergl",
          "x": Array [],
          "y": Array [],
          "z": Array [],
        },
      ]
    }
    dataTransformFn={[Function]}
    layout={
      Object {
        "height": 520,
        "legend": Object {
          "orientation": "h",
          "y": -0.4,
          "yanchor": "bottom",
        },
        "margin": Object {
          "b": 75,
          "l": 65,
        },
        "showlegend": true,
        "xaxis": Object {
          "autorange": false,
          "nticks": 10,
          "range": Array [
            1,
            100,
          ],
          "showline": true,
          "tickmode": "auto",
          "title": "Residue #",
        },
        "yaxis": Object {
          "autorange": false,
          "nticks": 10,
          "range": Array [
            100,
            1,
          ],
          "showline": true,
          "tickmode": "auto",
          "title": "Residue #",
        },
      }
    }
    secondaryStructures={Array []}
    selectedSecondaryStructures={Array []}
    showLoader={true}
  />
</SettingsPanel>
`;

exports[`ContactMapChart Should resize itself base. 1`] = `
<SettingsPanel
  configurations={Array []}
  direction="left"
  inverted={true}
  width="100%"
>
  <PlotlyChart
    candidateResidues={Array []}
    config={Object {}}
    data={
      Array [
        Object {
          "hoverinfo": "x+y+z",
          "marker": Object {
            "color": Array [],
            "size": 0,
          },
          "mode": "markers",
          "name": " undefined",
          "type": "scattergl",
          "x": Array [],
          "y": Array [],
          "z": Array [],
        },
      ]
    }
    dataTransformFn={[Function]}
    layout={
      Object {
        "height": 520,
        "legend": Object {
          "orientation": "h",
          "y": -0.4,
          "yanchor": "bottom",
        },
        "margin": Object {
          "b": 75,
          "l": 65,
        },
        "showlegend": true,
        "xaxis": Object {
          "autorange": false,
          "nticks": 10,
          "range": Array [
            1,
            100,
          ],
          "showline": true,
          "tickmode": "auto",
          "title": "Residue #",
        },
        "yaxis": Object {
          "autorange": false,
          "nticks": 10,
          "range": Array [
            100,
            1,
          ],
          "showline": true,
          "tickmode": "auto",
          "title": "Residue #",
        },
      }
    }
    secondaryStructures={Array []}
    selectedSecondaryStructures={Array []}
    showLoader={true}
  />
</SettingsPanel>
`;

exports[`ContactMapChart Should resize itself based . 1`] = `
<SettingsPanel
  configurations={Array []}
  direction="left"
  inverted={true}
  width="100%"
>
  <PlotlyChart
    candidateResidues={Array []}
    config={Object {}}
    data={
      Array [
        Object {
          "hoverinfo": "x+y+z",
          "marker": Object {
            "color": Array [],
            "size": 0,
          },
          "mode": "markers",
          "name": " undefined",
          "type": "scattergl",
          "x": Array [],
          "y": Array [],
          "z": Array [],
        },
      ]
    }
    dataTransformFn={[Function]}
    layout={
      Object {
        "height": 520,
        "legend": Object {
          "orientation": "h",
          "y": -0.4,
          "yanchor": "bottom",
        },
        "margin": Object {
          "b": 75,
          "l": 65,
        },
        "showlegend": true,
        "xaxis": Object {
          "autorange": false,
          "nticks": 10,
          "range": Array [
            1,
            100,
          ],
          "showline": true,
          "tickmode": "auto",
          "title": "Residue #",
        },
        "yaxis": Object {
          "autorange": false,
          "nticks": 10,
          "range": Array [
            100,
            1,
          ],
          "showline": true,
          "tickmode": "auto",
          "title": "Residue #",
        },
      }
    }
    secondaryStructures={Array []}
    selectedSecondaryStructures={Array []}
    showLoader={true}
  />
</SettingsPanel>
`;

exports[`ContactMapChart Should resize. 1`] = `
<SettingsPanel
  configurations={Array []}
  direction="left"
  inverted={true}
  width="100%"
>
  <PlotlyChart
    candidateResidues={Array []}
    config={Object {}}
    data={
      Array [
        Object {
          "hoverinfo": "x+y+z",
          "marker": Object {
            "color": Array [],
            "size": 0,
          },
          "mode": "markers",
          "name": " undefined",
          "type": "scattergl",
          "x": Array [],
          "y": Array [],
          "z": Array [],
        },
      ]
    }
    dataTransformFn={[Function]}
    layout={
      Object {
        "height": 520,
        "legend": Object {
          "orientation": "h",
          "y": -0.4,
          "yanchor": "bottom",
        },
        "margin": Object {
          "b": 75,
          "l": 65,
        },
        "showlegend": true,
        "xaxis": Object {
          "autorange": false,
          "nticks": 10,
          "range": Array [
            1,
            100,
          ],
          "showline": true,
          "tickmode": "auto",
          "title": "Residue #",
        },
        "yaxis": Object {
          "autorange": false,
          "nticks": 10,
          "range": Array [
            100,
            1,
          ],
          "showline": true,
          "tickmode": "auto",
          "title": "Residue #",
        },
      }
    }
    secondaryStructures={Array []}
    selectedSecondaryStructures={Array []}
    showLoader={true}
  />
</SettingsPanel>
`;
