// Jest Snapshot v1, https://goo.gl/fbAQLP

exports[`BioblocksRadioGroup Should match existing snapshot when given simple data. 1`] = `
<div
  style={Object {}}
>
  <Grid
    centered={true}
    columns={2}
    padded={true}
  >
    <GridRow>
      <div
        style={
          Object {
            "fontStyle": "italic",
            "fontWeight": "bold",
            "textDecoration": "underline",
          }
        }
      >
        How to calculate distance between two residues:
      </div>
    </GridRow>
    <GridColumn
      key="Sample-first"
      style={
        Object {
          "paddingBottom": 0,
          "paddingTop": "7px",
        }
      }
    >
      <FormRadio
        as={[Function]}
        checked={true}
        control={[Function]}
        disabled={false}
        label={
          Object {
            "children": "first",
            "style": Object {},
          }
        }
        name="first"
        onChange={[Function]}
        value={0}
      />
    </GridColumn>
  </Grid>
</div>
`;
