// Jest Snapshot v1, https://goo.gl/fbAQLP

exports[`CategorySelector Should match existing snapshot when given simple data. 1`] = `
<Dropdown
  additionLabel="Add "
  additionPosition="top"
  closeOnBlur={true}
  deburr={false}
  fluid={true}
  icon="dropdown"
  minCharacters={1}
  noResultsMessage="No results found."
  openOnFocus={true}
  options={
    Array [
      Object {
        "key": "Costello Music",
        "text": "Costello Music",
        "value": "Costello Music",
      },
      Object {
        "key": "Here We Stand",
        "text": "Here We Stand",
        "value": "Here We Stand",
      },
      Object {
        "key": "We Need Medicine",
        "text": "We Need Medicine",
        "value": "We Need Medicine",
      },
      Object {
        "key": "Eyes Wide, Tongue Tied",
        "text": "Eyes Wide, Tongue Tied",
        "value": "Eyes Wide, Tongue Tied",
      },
      Object {
        "key": "In Your Own Sweet Time",
        "text": "In Your Own Sweet Time",
        "value": "In Your Own Sweet Time",
      },
    ]
  }
  placeholder="Select Category"
  renderLabel={[Function]}
  search={true}
  searchInput="text"
  selectOnBlur={true}
  selectOnNavigation={true}
  wrapSelection={true}
/>
`;
