// Jest Snapshot v1, https://goo.gl/fbAQLP

exports[`ChellRadioGroup Should match existing snapshot when given simple data. 1`] = `
<Form
  as="form"
  style={Object {}}
>
  <FormField>
    How to calculate distance between two residues:
  </FormField>
  <FormGroup
    widths="equal"
  >
    <FormRadio
      as={[Function]}
      checked={true}
      control={[Function]}
      disabled={false}
      key="Sample-first"
      label={
        Object {
          "children": "first",
          "style": Object {},
        }
      }
      name="first"
      onChange={[Function]}
      value={0}
    />
  </FormGroup>
</Form>
`;
