// Jest Snapshot v1, https://goo.gl/fbAQLP

exports[`BioblocksRadioGroup Should match existing snapshot when given simple data. 1`] = `
<div
  style={Object {}}
>
  <div
    style={
      Object {
        "fontStyle": "italic",
        "fontWeight": "bold",
        "textDecoration": "underline",
      }
    }
  >
    How to calculate distance between two residues:
  </div>
  <Grid
    centered={true}
    columns={2}
    padded={true}
  >
    <GridColumn
      key="Sample-first"
    >
      <FormRadio
        as={[Function]}
        checked={true}
        control={[Function]}
        disabled={false}
        label={
          Object {
            "children": "first",
            "style": Object {},
          }
        }
        name="first"
        onChange={[Function]}
        value={0}
      />
    </GridColumn>
  </Grid>
</div>
`;
