// Jest Snapshot v1, https://goo.gl/fbAQLP

exports[`ChellSlider Should match the existing snapshot when given no configurations. 1`] = `
<div>
  <Grid
    columns={1}
  >
    <GridColumn>
      <Button
        as="button"
        basic={true}
        floated="right"
        icon="settings"
        onClick={[Function]}
        role="button"
      />
    </GridColumn>
    <SidebarPushable>
      <Sidebar
        animation="overlay"
        as={[Function]}
        direction="left"
        duration={500}
        inverted={true}
        style={
          Object {
            "opacity": 0.85,
            "width": "100%",
          }
        }
        vertical={true}
        visible={false}
      >
        <Grid
          centered={true}
        />
      </Sidebar>
      <SidebarPusher />
    </SidebarPushable>
  </Grid>
</div>
`;

exports[`ChellSlider Should match the existing snapshot when given no configurations. 2`] = `
<div>
  <Grid
    columns={1}
  >
    <GridColumn>
      <Button
        as="button"
        basic={true}
        floated="right"
        icon="settings"
        onClick={[Function]}
        role="button"
      />
    </GridColumn>
    <SidebarPushable>
      <Sidebar
        animation="overlay"
        as={[Function]}
        direction="left"
        duration={500}
        inverted={true}
        style={
          Object {
            "opacity": 0.85,
            "width": "100%",
          }
        }
        vertical={true}
        visible={false}
      >
        <Grid
          centered={true}
        />
      </Sidebar>
      <SidebarPusher />
    </SidebarPushable>
  </Grid>
</div>
`;

exports[`ChellSlider Should n 1`] = `
<div>
  <Grid
    columns={1}
  >
    <GridColumn>
      <Button
        as="button"
        basic={true}
        floated="right"
        icon="settings"
        onClick={[Function]}
        role="button"
      />
    </GridColumn>
    <SidebarPushable>
      <Sidebar
        animation="overlay"
        as={[Function]}
        direction="left"
        duration={500}
        inverted={true}
        style={
          Object {
            "opacity": 0.85,
            "width": "100%",
          }
        }
        vertical={true}
        visible={false}
      >
        <Grid
          centered={true}
        />
      </Sidebar>
      <SidebarPusher />
    </SidebarPushable>
  </Grid>
</div>
`;

exports[`ChellSlider Should not  1`] = `
<div>
  <Grid
    columns={1}
  >
    <GridColumn>
      <Button
        as="button"
        basic={true}
        floated="right"
        icon="settings"
        onClick={[Function]}
        role="button"
      />
    </GridColumn>
    <SidebarPushable>
      <Sidebar
        animation="overlay"
        as={[Function]}
        direction="left"
        duration={500}
        inverted={true}
        style={
          Object {
            "opacity": 0.85,
            "width": "100%",
          }
        }
        vertical={true}
        visible={false}
      >
        <Grid
          centered={true}
        />
      </Sidebar>
      <SidebarPusher />
    </SidebarPushable>
  </Grid>
</div>
`;

exports[`ChellSlider Should not 1`] = `
<div>
  <Grid
    columns={1}
  >
    <GridColumn>
      <Button
        as="button"
        basic={true}
        floated="right"
        icon="settings"
        onClick={[Function]}
        role="button"
      />
    </GridColumn>
    <SidebarPushable>
      <Sidebar
        animation="overlay"
        as={[Function]}
        direction="left"
        duration={500}
        inverted={true}
        style={
          Object {
            "opacity": 0.85,
            "width": "100%",
          }
        }
        vertical={true}
        visible={false}
      >
        <Grid
          centered={true}
        />
      </Sidebar>
      <SidebarPusher />
    </SidebarPushable>
  </Grid>
</div>
`;

exports[`ChellSlider Should not be  1`] = `
<div>
  <Grid
    columns={1}
  >
    <GridColumn>
      <Button
        as="button"
        basic={true}
        floated="right"
        icon="settings"
        onClick={[Function]}
        role="button"
      />
    </GridColumn>
    <SidebarPushable>
      <Sidebar
        animation="overlay"
        as={[Function]}
        direction="left"
        duration={500}
        inverted={true}
        style={
          Object {
            "opacity": 0.85,
            "width": "100%",
          }
        }
        vertical={true}
        visible={false}
      >
        <Grid
          centered={true}
        />
      </Sidebar>
      <SidebarPusher />
    </SidebarPushable>
  </Grid>
</div>
`;

exports[`ChellSlider Should not be v 1`] = `
<div>
  <Grid
    columns={1}
  >
    <GridColumn>
      <Button
        as="button"
        basic={true}
        floated="right"
        icon="settings"
        onClick={[Function]}
        role="button"
      />
    </GridColumn>
    <SidebarPushable>
      <Sidebar
        animation="overlay"
        as={[Function]}
        direction="left"
        duration={500}
        inverted={true}
        style={
          Object {
            "opacity": 0.85,
            "width": "100%",
          }
        }
        vertical={true}
        visible={false}
      >
        <Grid
          centered={true}
        />
      </Sidebar>
      <SidebarPusher />
    </SidebarPushable>
  </Grid>
</div>
`;

exports[`ChellSlider Should not be vis 1`] = `
<div>
  <Grid
    columns={1}
  >
    <GridColumn>
      <Button
        as="button"
        basic={true}
        floated="right"
        icon="settings"
        onClick={[Function]}
        role="button"
      />
    </GridColumn>
    <SidebarPushable>
      <Sidebar
        animation="overlay"
        as={[Function]}
        direction="left"
        duration={500}
        inverted={true}
        style={
          Object {
            "opacity": 0.85,
            "width": "100%",
          }
        }
        vertical={true}
        visible={false}
      >
        <Grid
          centered={true}
        />
      </Sidebar>
      <SidebarPusher />
    </SidebarPushable>
  </Grid>
</div>
`;

exports[`ChellSlider Should not be visib 1`] = `
<div>
  <Grid
    columns={1}
  >
    <GridColumn>
      <Button
        as="button"
        basic={true}
        floated="right"
        icon="settings"
        onClick={[Function]}
        role="button"
      />
    </GridColumn>
    <SidebarPushable>
      <Sidebar
        animation="overlay"
        as={[Function]}
        direction="left"
        duration={500}
        inverted={true}
        style={
          Object {
            "opacity": 0.85,
            "width": "100%",
          }
        }
        vertical={true}
        visible={false}
      >
        <Grid
          centered={true}
        />
      </Sidebar>
      <SidebarPusher />
    </SidebarPushable>
  </Grid>
</div>
`;

exports[`ChellSlider Should not be visible  1`] = `
<div>
  <Grid
    columns={1}
  >
    <GridColumn>
      <Button
        as="button"
        basic={true}
        floated="right"
        icon="settings"
        onClick={[Function]}
        role="button"
      />
    </GridColumn>
    <SidebarPushable>
      <Sidebar
        animation="overlay"
        as={[Function]}
        direction="left"
        duration={500}
        inverted={true}
        style={
          Object {
            "opacity": 0.85,
            "width": "100%",
          }
        }
        vertical={true}
        visible={false}
      >
        <Grid
          centered={true}
        />
      </Sidebar>
      <SidebarPusher />
    </SidebarPushable>
  </Grid>
</div>
`;

exports[`ChellSlider Should not be visible i 1`] = `
<div>
  <Grid
    columns={1}
  >
    <GridColumn>
      <Button
        as="button"
        basic={true}
        floated="right"
        icon="settings"
        onClick={[Function]}
        role="button"
      />
    </GridColumn>
    <SidebarPushable>
      <Sidebar
        animation="overlay"
        as={[Function]}
        direction="left"
        duration={500}
        inverted={true}
        style={
          Object {
            "opacity": 0.85,
            "width": "100%",
          }
        }
        vertical={true}
        visible={false}
      >
        <Grid
          centered={true}
        />
      </Sidebar>
      <SidebarPusher />
    </SidebarPushable>
  </Grid>
</div>
`;

exports[`ChellSlider Should not be visible in 1`] = `
<div>
  <Grid
    columns={1}
  >
    <GridColumn>
      <Button
        as="button"
        basic={true}
        floated="right"
        icon="settings"
        onClick={[Function]}
        role="button"
      />
    </GridColumn>
    <SidebarPushable>
      <Sidebar
        animation="overlay"
        as={[Function]}
        direction="left"
        duration={500}
        inverted={true}
        style={
          Object {
            "opacity": 0.85,
            "width": "100%",
          }
        }
        vertical={true}
        visible={false}
      >
        <Grid
          centered={true}
        />
      </Sidebar>
      <SidebarPusher />
    </SidebarPushable>
  </Grid>
</div>
`;

exports[`ChellSlider Should not be visible init 1`] = `
<div>
  <Grid
    columns={1}
  >
    <GridColumn>
      <Button
        as="button"
        basic={true}
        floated="right"
        icon="settings"
        onClick={[Function]}
        role="button"
      />
    </GridColumn>
    <SidebarPushable>
      <Sidebar
        animation="overlay"
        as={[Function]}
        direction="left"
        duration={500}
        inverted={true}
        style={
          Object {
            "opacity": 0.85,
            "width": "100%",
          }
        }
        vertical={true}
        visible={false}
      >
        <Grid
          centered={true}
        />
      </Sidebar>
      <SidebarPusher />
    </SidebarPushable>
  </Grid>
</div>
`;

exports[`ChellSlider Should not be visible initial 1`] = `
<div>
  <Grid
    columns={1}
  >
    <GridColumn>
      <Button
        as="button"
        basic={true}
        floated="right"
        icon="settings"
        onClick={[Function]}
        role="button"
      />
    </GridColumn>
    <SidebarPushable>
      <Sidebar
        animation="overlay"
        as={[Function]}
        direction="left"
        duration={500}
        inverted={true}
        style={
          Object {
            "opacity": 0.85,
            "width": "100%",
          }
        }
        vertical={true}
        visible={false}
      >
        <Grid
          centered={true}
        />
      </Sidebar>
      <SidebarPusher />
    </SidebarPushable>
  </Grid>
</div>
`;

exports[`ChellSlider Should not be visible initially 1`] = `
<div>
  <Grid
    columns={1}
  >
    <GridColumn>
      <Button
        as="button"
        basic={true}
        floated="right"
        icon="settings"
        onClick={[Function]}
        role="button"
      />
    </GridColumn>
    <SidebarPushable>
      <Sidebar
        animation="overlay"
        as={[Function]}
        direction="left"
        duration={500}
        inverted={true}
        style={
          Object {
            "opacity": 0.85,
            "width": "100%",
          }
        }
        vertical={true}
        visible={false}
      >
        <Grid
          centered={true}
        />
      </Sidebar>
      <SidebarPusher />
    </SidebarPushable>
  </Grid>
</div>
`;

exports[`ChellSlider Should not be visible initially. 1`] = `
<div>
  <Grid
    columns={1}
  >
    <GridColumn>
      <Button
        as="button"
        basic={true}
        floated="right"
        icon="settings"
        onClick={[Function]}
        role="button"
      />
    </GridColumn>
    <SidebarPushable>
      <Sidebar
        animation="overlay"
        as={[Function]}
        direction="left"
        duration={500}
        inverted={true}
        style={
          Object {
            "opacity": 0.85,
            "width": "100%",
          }
        }
        vertical={true}
        visible={false}
      >
        <Grid
          centered={true}
        />
      </Sidebar>
      <SidebarPusher />
    </SidebarPushable>
  </Grid>
</div>
`;
