// Jest Snapshot v1, https://goo.gl/fbAQLP

exports[`DatasetPage Should match existing snapshot for initial visualizations. 1`] = `
<ContextConsumer>
  <Component />
</ContextConsumer>
`;

exports[`DatasetPage Should match existing snapshot for initial visualizations. 2`] = `
<ContextConsumer>
  <Component />
</ContextConsumer>
`;

exports[`DatasetPage Should match existing snapshot for initial visualizations. 3`] = `
<ContextConsumer>
  <Component />
</ContextConsumer>
`;

exports[`DatasetPage Should match existing snapshot for initial visualizations. 4`] = `
<ContextConsumer>
  <Component />
</ContextConsumer>
`;

exports[`DatasetPage Should match existing snapshot for initial visualizations. 5`] = `
<ContextConsumer>
  <Component />
</ContextConsumer>
`;

exports[`DatasetPage Should match existing snapshot for initial visualizations. 6`] = `
<ContextConsumer>
  <Component />
</ContextConsumer>
`;

exports[`DatasetPage Should match existing snapshot when changing the visualization. 1`] = `
<ContextConsumer>
  <Component />
</ContextConsumer>
`;

exports[`DatasetPage Should match existing snapshot when no props are provided. 1`] = `
<ContextConsumer>
  <Component />
</ContextConsumer>
`;
