// Jest Snapshot v1, https://goo.gl/fbAQLP

exports[`ContextConsumerComposer Should allow consumers added directly. 1`] = `
<ContextConsumerComposer
  components={
    Array [
      Object {
        "$$typeof": Symbol(react.context),
        "_calculateChangedBits": null,
        "_context": Object {
          "$$typeof": Symbol(react.context),
          "Consumer": [Circular],
          "Provider": Object {
            "$$typeof": Symbol(react.provider),
            "_context": [Circular],
          },
          "_calculateChangedBits": null,
          "_currentRenderer": null,
          "_currentRenderer2": null,
          "_currentValue": "foo",
          "_currentValue2": "foo",
        },
      },
    ]
  }
>
  <div />
</ContextConsumerComposer>
`;

exports[`ContextConsumerComposer Should allow contexts. 1`] = `
<ContextConsumerComposer
  components={Array []}
>
  <div />
</ContextConsumerComposer>
`;
